// Jest Snapshot v1, https://goo.gl/fbAQLP

exports[`Button render should button render 1`] = `
<DocumentFragment>
  <button
    class="button"
    role="button"
  />
</DocumentFragment>
`;
